<?xml version="1.0" encoding="utf-8"?>
<TestRun id="c7ec0c27-f90b-4338-8a26-59dcb85a16a9" name="2sebo@DESKTOP-OH9J6T6 2026-05-14 18:51:57" runUser="DESKTOP-OH9J6T6\2sebo" xmlns="http://microsoft.com/schemas/VisualStudio/TeamTest/2010">
  <Times creation="2026-05-14T18:51:57.4608987+02:00" queuing="2026-05-14T18:51:57.4608989+02:00" start="2026-05-14T18:51:56.6436767+02:00" finish="2026-05-14T18:51:57.5205384+02:00" />
  <TestSettings name="default" id="aa8fd41b-32bf-4c4d-8f60-fc6af2f359c6">
    <Deployment runDeploymentRoot="2sebo_DESKTOP-OH9J6T6_2026-05-14_18_51_57" />
  </TestSettings>
  <Results>
    <UnitTestResult executionId="f3513cc4-f654-45e9-af4c-4937499d2516" testId="e216c37e-f9d3-53f5-4021-ae4d1f426d48" testName="RestAll.Desktop.Tests.Integration.ErrorHandlingIntegrationTests.AuthGateway_WhenUnauthorized_ShouldReturnAnonymous" computerName="DESKTOP-OH9J6T6" duration="00:00:00.0397970" startTime="2026-05-14T18:51:57.4349804+02:00" endTime="2026-05-14T18:51:57.4349805+02:00" testType="13cdc9d9-ddb5-4fa4-a97d-d965ccfc6d4b" outcome="Passed" testListId="8c84fa94-04c1-424b-9868-57a2d4851a1d" relativeResultsDirectory="f3513cc4-f654-45e9-af4c-4937499d2516" />
    <UnitTestResult executionId="2fac584a-6d22-484f-9646-42fbff217e42" testId="4356007c-ba10-69fb-f83d-3d5cd85e4bff" testName="RestAll.Desktop.Tests.Integration.OrdersIntegrationTests.OrderFlow_WithPayment_ShouldWork" computerName="DESKTOP-OH9J6T6" duration="00:00:00.0028772" startTime="2026-05-14T18:51:57.4349665+02:00" endTime="2026-05-14T18:51:57.4349666+02:00" testType="13cdc9d9-ddb5-4fa4-a97d-d965ccfc6d4b" outcome="Passed" testListId="8c84fa94-04c1-424b-9868-57a2d4851a1d" relativeResultsDirectory="2fac584a-6d22-484f-9646-42fbff217e42" />
    <UnitTestResult executionId="ae32eff9-75a9-4643-9331-fc17a5f581b6" testId="aafee567-7b53-70d1-fab9-cc6331946c31" testName="RestAll.Desktop.Tests.Integration.ErrorHandlingIntegrationTests.TablesGateway_WhenNetworkError_ShouldReturnEmptyList" computerName="DESKTOP-OH9J6T6" duration="00:00:00.0045940" startTime="2026-05-14T18:51:57.4526478+02:00" endTime="2026-05-14T18:51:57.4526480+02:00" testType="13cdc9d9-ddb5-4fa4-a97d-d965ccfc6d4b" outcome="Passed" testListId="8c84fa94-04c1-424b-9868-57a2d4851a1d" relativeResultsDirectory="ae32eff9-75a9-4643-9331-fc17a5f581b6" />
    <UnitTestResult executionId="5a69a956-346d-42eb-83a1-93af3031906c" testId="e8e33c22-e4e8-3fe7-9d46-cae1c7e98a60" testName="RestAll.Desktop.Tests.Integration.AuthenticationIntegrationTests.TokenRefreshFlow_AfterExpiredToken_ShouldHandleGracefully" computerName="DESKTOP-OH9J6T6" duration="00:00:00.1044262" startTime="2026-05-14T18:51:57.3997170+02:00" endTime="2026-05-14T18:51:57.3997171+02:00" testType="13cdc9d9-ddb5-4fa4-a97d-d965ccfc6d4b" outcome="Passed" testListId="8c84fa94-04c1-424b-9868-57a2d4851a1d" relativeResultsDirectory="5a69a956-346d-42eb-83a1-93af3031906c" />
    <UnitTestResult executionId="c81f7460-94d5-4cd2-b39a-b32d02d617f8" testId="8ff5fcd4-ac8f-728c-c9ea-9aaa892885a1" testName="RestAll.Desktop.Tests.Integration.ReservationsIntegrationTests.GetReservationsAfterCancellation_ShouldReturnUpdatedList" computerName="DESKTOP-OH9J6T6" duration="00:00:00.1071141" startTime="2026-05-14T18:51:57.4025535+02:00" endTime="2026-05-14T18:51:57.4025536+02:00" testType="13cdc9d9-ddb5-4fa4-a97d-d965ccfc6d4b" outcome="Passed" testListId="8c84fa94-04c1-424b-9868-57a2d4851a1d" relativeResultsDirectory="c81f7460-94d5-4cd2-b39a-b32d02d617f8" />
    <UnitTestResult executionId="4e4049d5-a794-4e38-b843-ba4bdf404bba" testId="07fab1b9-7c1e-6ca8-5c0e-ad909ee83787" testName="RestAll.Desktop.Tests.Integration.ErrorHandlingIntegrationTests.MenuGateway_WhenServerError_ShouldReturnEmptyList" computerName="DESKTOP-OH9J6T6" duration="00:00:00.1070837" startTime="2026-05-14T18:51:57.4008486+02:00" endTime="2026-05-14T18:51:57.4008486+02:00" testType="13cdc9d9-ddb5-4fa4-a97d-d965ccfc6d4b" outcome="Passed" testListId="8c84fa94-04c1-424b-9868-57a2d4851a1d" relativeResultsDirectory="4e4049d5-a794-4e38-b843-ba4bdf404bba" />
    <UnitTestResult executionId="5e6c4553-ef8e-4b8b-b332-217a97579596" testId="223b41c5-dd1a-58a9-73e4-47e3fa220999" testName="RestAll.Desktop.Tests.Integration.ProfileIntegrationTests.ProfileFlow_ShouldUpdateProfileData" computerName="DESKTOP-OH9J6T6" duration="00:00:00.1069812" startTime="2026-05-14T18:51:57.3949854+02:00" endTime="2026-05-14T18:51:57.3950438+02:00" testType="13cdc9d9-ddb5-4fa4-a97d-d965ccfc6d4b" outcome="Passed" testListId="8c84fa94-04c1-424b-9868-57a2d4851a1d" relativeResultsDirectory="5e6c4553-ef8e-4b8b-b332-217a97579596" />
    <UnitTestResult executionId="66a47c92-467a-444a-8a22-09e9ceb85b20" testId="fe89ab32-e15c-7f60-1b46-9174dd7f44d2" testName="RestAll.Desktop.Tests.Integration.OrdersIntegrationTests.FullOrderFlow_ShouldWork" computerName="DESKTOP-OH9J6T6" duration="00:00:00.0173827" startTime="2026-05-14T18:51:57.4349159+02:00" endTime="2026-05-14T18:51:57.4349159+02:00" testType="13cdc9d9-ddb5-4fa4-a97d-d965ccfc6d4b" outcome="Passed" testListId="8c84fa94-04c1-424b-9868-57a2d4851a1d" relativeResultsDirectory="66a47c92-467a-444a-8a22-09e9ceb85b20" />
    <UnitTestResult executionId="b216c216-0afb-4358-92de-e61ad3d1c354" testId="2022cbe0-595c-fc5e-fb38-59a531641782" testName="RestAll.Desktop.Tests.Integration.ErrorHandlingIntegrationTests.KitchenGateway_WhenTimeout_ShouldReturnEmptyList" computerName="DESKTOP-OH9J6T6" duration="00:00:00.0032034" startTime="2026-05-14T18:51:57.4584489+02:00" endTime="2026-05-14T18:51:57.4584490+02:00" testType="13cdc9d9-ddb5-4fa4-a97d-d965ccfc6d4b" outcome="Passed" testListId="8c84fa94-04c1-424b-9868-57a2d4851a1d" relativeResultsDirectory="b216c216-0afb-4358-92de-e61ad3d1c354" />
    <UnitTestResult executionId="63be40dd-ad67-4b83-82f5-e3545708026b" testId="8906522d-a706-7896-1575-13c0a5f049e1" testName="RestAll.Desktop.Tests.Integration.ErrorHandlingIntegrationTests.AuthGateway_WhenNetworkError_ShouldReturnAnonymous" computerName="DESKTOP-OH9J6T6" duration="00:00:00.0009553" startTime="2026-05-14T18:51:57.4552214+02:00" endTime="2026-05-14T18:51:57.4552216+02:00" testType="13cdc9d9-ddb5-4fa4-a97d-d965ccfc6d4b" outcome="Passed" testListId="8c84fa94-04c1-424b-9868-57a2d4851a1d" relativeResultsDirectory="63be40dd-ad67-4b83-82f5-e3545708026b" />
    <UnitTestResult executionId="aff62f3a-dbc1-4f6f-ba09-57174277e031" testId="301b48b5-6f45-b8b4-947d-d7b673c0c250" testName="RestAll.Desktop.Tests.Integration.ErrorHandlingIntegrationTests.ReservationsGateway_WhenBadRequest_ShouldReturnEmptyList" computerName="DESKTOP-OH9J6T6" duration="00:00:00.0046658" startTime="2026-05-14T18:51:57.4389667+02:00" endTime="2026-05-14T18:51:57.4389669+02:00" testType="13cdc9d9-ddb5-4fa4-a97d-d965ccfc6d4b" outcome="Passed" testListId="8c84fa94-04c1-424b-9868-57a2d4851a1d" relativeResultsDirectory="aff62f3a-dbc1-4f6f-ba09-57174277e031" />
    <UnitTestResult executionId="fb78c9e1-51cd-433e-ad73-82edccd66219" testId="a65a3a15-46d3-df5f-3811-18740f7a06b1" testName="RestAll.Desktop.Tests.Integration.ReservationsIntegrationTests.FullReservationFlow_ShouldWork" computerName="DESKTOP-OH9J6T6" duration="00:00:00.0074725" startTime="2026-05-14T18:51:57.4348183+02:00" endTime="2026-05-14T18:51:57.4348183+02:00" testType="13cdc9d9-ddb5-4fa4-a97d-d965ccfc6d4b" outcome="Passed" testListId="8c84fa94-04c1-424b-9868-57a2d4851a1d" relativeResultsDirectory="fb78c9e1-51cd-433e-ad73-82edccd66219" />
    <UnitTestResult executionId="df32dd00-6938-43eb-acba-b20140bacf13" testId="734663be-8eaf-f06f-9fca-2d4cc329b918" testName="RestAll.Desktop.Tests.Integration.ErrorHandlingIntegrationTests.OrdersGateway_WhenUnauthorized_ShouldReturnEmptyList" computerName="DESKTOP-OH9J6T6" duration="00:00:00.0031797" startTime="2026-05-14T18:51:57.4467227+02:00" endTime="2026-05-14T18:51:57.4467228+02:00" testType="13cdc9d9-ddb5-4fa4-a97d-d965ccfc6d4b" outcome="Passed" testListId="8c84fa94-04c1-424b-9868-57a2d4851a1d" relativeResultsDirectory="df32dd00-6938-43eb-acba-b20140bacf13" />
    <UnitTestResult executionId="4f560567-b5bc-469b-b7ea-0ebbb4f45416" testId="440c1f56-2774-9818-b3d3-5a7ea53bce27" testName="RestAll.Desktop.Tests.Integration.OrdersIntegrationTests.OrderFlow_WithComments_ShouldWork" computerName="DESKTOP-OH9J6T6" duration="00:00:00.1087552" startTime="2026-05-14T18:51:57.4024490+02:00" endTime="2026-05-14T18:51:57.4024491+02:00" testType="13cdc9d9-ddb5-4fa4-a97d-d965ccfc6d4b" outcome="Passed" testListId="8c84fa94-04c1-424b-9868-57a2d4851a1d" relativeResultsDirectory="4f560567-b5bc-469b-b7ea-0ebbb4f45416" />
    <UnitTestResult executionId="7ff64e60-fab1-4a15-838b-ca73f3e3131a" testId="b709e49e-f3ca-7f99-b687-7c6aa84a4ee5" testName="RestAll.Desktop.Tests.Integration.ErrorHandlingIntegrationTests.ProfileGateway_WhenUnauthorized_ShouldReturnNull" computerName="DESKTOP-OH9J6T6" duration="00:00:00.0044219" startTime="2026-05-14T18:51:57.4434840+02:00" endTime="2026-05-14T18:51:57.4434841+02:00" testType="13cdc9d9-ddb5-4fa4-a97d-d965ccfc6d4b" outcome="Passed" testListId="8c84fa94-04c1-424b-9868-57a2d4851a1d" relativeResultsDirectory="7ff64e60-fab1-4a15-838b-ca73f3e3131a" />
    <UnitTestResult executionId="582f420b-c8e3-4c1d-b9c6-39aa4fbdf324" testId="a3156326-7054-e864-481e-836ce372d591" testName="RestAll.Desktop.Tests.Integration.ProfileIntegrationTests.FullProfileFlow_ShouldWork" computerName="DESKTOP-OH9J6T6" duration="00:00:00.0051147" startTime="2026-05-14T18:51:57.4348765+02:00" endTime="2026-05-14T18:51:57.4348766+02:00" testType="13cdc9d9-ddb5-4fa4-a97d-d965ccfc6d4b" outcome="Passed" testListId="8c84fa94-04c1-424b-9868-57a2d4851a1d" relativeResultsDirectory="582f420b-c8e3-4c1d-b9c6-39aa4fbdf324" />
    <UnitTestResult executionId="6a2adf9c-1c86-4bdc-bfa9-7650c37492e7" testId="05c5b2d7-b3c9-2b3b-67f8-26be975b1bfd" testName="RestAll.Desktop.Tests.Integration.ProfileIntegrationTests.ProfileFlow_WithoutSession_ShouldFail" computerName="DESKTOP-OH9J6T6" duration="00:00:00.0078012" startTime="2026-05-14T18:51:57.4346020+02:00" endTime="2026-05-14T18:51:57.4346020+02:00" testType="13cdc9d9-ddb5-4fa4-a97d-d965ccfc6d4b" outcome="Passed" testListId="8c84fa94-04c1-424b-9868-57a2d4851a1d" relativeResultsDirectory="6a2adf9c-1c86-4bdc-bfa9-7650c37492e7" />
    <UnitTestResult executionId="fd334e15-2fb1-4b8c-9ee6-0f3471bba2a5" testId="8ba2c262-ef18-583c-63d7-23cfca3106a3" testName="RestAll.Desktop.Tests.Integration.AuthenticationIntegrationTests.MultipleRefreshes_ShouldUpdateSessionCorrectly" computerName="DESKTOP-OH9J6T6" duration="00:00:00.0041813" startTime="2026-05-14T18:51:57.4349002+02:00" endTime="2026-05-14T18:51:57.4349003+02:00" testType="13cdc9d9-ddb5-4fa4-a97d-d965ccfc6d4b" outcome="Passed" testListId="8c84fa94-04c1-424b-9868-57a2d4851a1d" relativeResultsDirectory="fd334e15-2fb1-4b8c-9ee6-0f3471bba2a5" />
    <UnitTestResult executionId="97b47909-6c91-42da-9f9a-25c8be2f7301" testId="fab9048e-fe4e-87e9-8830-11ebd034dcc1" testName="RestAll.Desktop.Tests.Integration.OrdersIntegrationTests.OrderFlow_WithMultipleItems_ShouldWork" computerName="DESKTOP-OH9J6T6" duration="00:00:00.0031815" startTime="2026-05-14T18:51:57.4349458+02:00" endTime="2026-05-14T18:51:57.4349459+02:00" testType="13cdc9d9-ddb5-4fa4-a97d-d965ccfc6d4b" outcome="Passed" testListId="8c84fa94-04c1-424b-9868-57a2d4851a1d" relativeResultsDirectory="97b47909-6c91-42da-9f9a-25c8be2f7301" />
    <UnitTestResult executionId="6c40af13-3ca6-49be-9229-f2dedfbb3551" testId="091a6460-671a-f495-eb0e-99f6794ce70d" testName="RestAll.Desktop.Tests.Integration.ErrorHandlingIntegrationTests.UseCase_WhenGatewayReturnsNull_ShouldHandleGracefully" computerName="DESKTOP-OH9J6T6" duration="00:00:00.0012600" startTime="2026-05-14T18:51:57.4542177+02:00" endTime="2026-05-14T18:51:57.4542180+02:00" testType="13cdc9d9-ddb5-4fa4-a97d-d965ccfc6d4b" outcome="Passed" testListId="8c84fa94-04c1-424b-9868-57a2d4851a1d" relativeResultsDirectory="6c40af13-3ca6-49be-9229-f2dedfbb3551" />
    <UnitTestResult executionId="bbed2983-f707-4eae-b7e9-c41a17583849" testId="0ed18110-f9ba-d989-4746-310e9dfe7dd1" testName="RestAll.Desktop.Tests.Integration.AuthenticationIntegrationTests.FullAuthFlow_ShouldWork" computerName="DESKTOP-OH9J6T6" duration="00:00:00.0108713" startTime="2026-05-14T18:51:57.4348359+02:00" endTime="2026-05-14T18:51:57.4348359+02:00" testType="13cdc9d9-ddb5-4fa4-a97d-d965ccfc6d4b" outcome="Passed" testListId="8c84fa94-04c1-424b-9868-57a2d4851a1d" relativeResultsDirectory="bbed2983-f707-4eae-b7e9-c41a17583849" />
    <UnitTestResult executionId="7a19c467-d717-400f-b09d-73baaff7cedd" testId="b0ace656-1703-3f5c-96b6-0bc4cc499e70" testName="RestAll.Desktop.Tests.Integration.ErrorHandlingIntegrationTests.AuthGateway_WhenServerError_ShouldReturnAnonymous" computerName="DESKTOP-OH9J6T6" duration="00:00:00.0012175" startTime="2026-05-14T18:51:57.4479903+02:00" endTime="2026-05-14T18:51:57.4479904+02:00" testType="13cdc9d9-ddb5-4fa4-a97d-d965ccfc6d4b" outcome="Passed" testListId="8c84fa94-04c1-424b-9868-57a2d4851a1d" relativeResultsDirectory="7a19c467-d717-400f-b09d-73baaff7cedd" />
  </Results>
  <TestDefinitions>
    <UnitTest name="RestAll.Desktop.Tests.Integration.OrdersIntegrationTests.FullOrderFlow_ShouldWork" storage="c:\users\2sebo\riderprojects\restall\desktop\tests\restall.desktop.tests\bin\debug\net10.0-windows7.0\restall.desktop.tests.dll" id="fe89ab32-e15c-7f60-1b46-9174dd7f44d2">
      <Execution id="66a47c92-467a-444a-8a22-09e9ceb85b20" />
      <TestMethod codeBase="C:\Users\2sebo\RiderProjects\RestAll\desktop\tests\RestAll.Desktop.Tests\bin\Debug\net10.0-windows7.0\RestAll.Desktop.Tests.dll" adapterTypeName="executor://xunit/VsTestRunner2/netcoreapp" className="RestAll.Desktop.Tests.Integration.OrdersIntegrationTests" name="FullOrderFlow_ShouldWork" />
    </UnitTest>
    <UnitTest name="RestAll.Desktop.Tests.Integration.ReservationsIntegrationTests.FullReservationFlow_ShouldWork" storage="c:\users\2sebo\riderprojects\restall\desktop\tests\restall.desktop.tests\bin\debug\net10.0-windows7.0\restall.desktop.tests.dll" id="a65a3a15-46d3-df5f-3811-18740f7a06b1">
      <Execution id="fb78c9e1-51cd-433e-ad73-82edccd66219" />
      <TestMethod codeBase="C:\Users\2sebo\RiderProjects\RestAll\desktop\tests\RestAll.Desktop.Tests\bin\Debug\net10.0-windows7.0\RestAll.Desktop.Tests.dll" adapterTypeName="executor://xunit/VsTestRunner2/netcoreapp" className="RestAll.Desktop.Tests.Integration.ReservationsIntegrationTests" name="FullReservationFlow_ShouldWork" />
    </UnitTest>
    <UnitTest name="RestAll.Desktop.Tests.Integration.ErrorHandlingIntegrationTests.ReservationsGateway_WhenBadRequest_ShouldReturnEmptyList" storage="c:\users\2sebo\riderprojects\restall\desktop\tests\restall.desktop.tests\bin\debug\net10.0-windows7.0\restall.desktop.tests.dll" id="301b48b5-6f45-b8b4-947d-d7b673c0c250">
      <Execution id="aff62f3a-dbc1-4f6f-ba09-57174277e031" />
      <TestMethod codeBase="C:\Users\2sebo\RiderProjects\RestAll\desktop\tests\RestAll.Desktop.Tests\bin\Debug\net10.0-windows7.0\RestAll.Desktop.Tests.dll" adapterTypeName="executor://xunit/VsTestRunner2/netcoreapp" className="RestAll.Desktop.Tests.Integration.ErrorHandlingIntegrationTests" name="ReservationsGateway_WhenBadRequest_ShouldReturnEmptyList" />
    </UnitTest>
    <UnitTest name="RestAll.Desktop.Tests.Integration.AuthenticationIntegrationTests.FullAuthFlow_ShouldWork" storage="c:\users\2sebo\riderprojects\restall\desktop\tests\restall.desktop.tests\bin\debug\net10.0-windows7.0\restall.desktop.tests.dll" id="0ed18110-f9ba-d989-4746-310e9dfe7dd1">
      <Execution id="bbed2983-f707-4eae-b7e9-c41a17583849" />
      <TestMethod codeBase="C:\Users\2sebo\RiderProjects\RestAll\desktop\tests\RestAll.Desktop.Tests\bin\Debug\net10.0-windows7.0\RestAll.Desktop.Tests.dll" adapterTypeName="executor://xunit/VsTestRunner2/netcoreapp" className="RestAll.Desktop.Tests.Integration.AuthenticationIntegrationTests" name="FullAuthFlow_ShouldWork" />
    </UnitTest>
    <UnitTest name="RestAll.Desktop.Tests.Integration.AuthenticationIntegrationTests.MultipleRefreshes_ShouldUpdateSessionCorrectly" storage="c:\users\2sebo\riderprojects\restall\desktop\tests\restall.desktop.tests\bin\debug\net10.0-windows7.0\restall.desktop.tests.dll" id="8ba2c262-ef18-583c-63d7-23cfca3106a3">
      <Execution id="fd334e15-2fb1-4b8c-9ee6-0f3471bba2a5" />
      <TestMethod codeBase="C:\Users\2sebo\RiderProjects\RestAll\desktop\tests\RestAll.Desktop.Tests\bin\Debug\net10.0-windows7.0\RestAll.Desktop.Tests.dll" adapterTypeName="executor://xunit/VsTestRunner2/netcoreapp" className="RestAll.Desktop.Tests.Integration.AuthenticationIntegrationTests" name="MultipleRefreshes_ShouldUpdateSessionCorrectly" />
    </UnitTest>
    <UnitTest name="RestAll.Desktop.Tests.Integration.ErrorHandlingIntegrationTests.KitchenGateway_WhenTimeout_ShouldReturnEmptyList" storage="c:\users\2sebo\riderprojects\restall\desktop\tests\restall.desktop.tests\bin\debug\net10.0-windows7.0\restall.desktop.tests.dll" id="2022cbe0-595c-fc5e-fb38-59a531641782">
      <Execution id="b216c216-0afb-4358-92de-e61ad3d1c354" />
      <TestMethod codeBase="C:\Users\2sebo\RiderProjects\RestAll\desktop\tests\RestAll.Desktop.Tests\bin\Debug\net10.0-windows7.0\RestAll.Desktop.Tests.dll" adapterTypeName="executor://xunit/VsTestRunner2/netcoreapp" className="RestAll.Desktop.Tests.Integration.ErrorHandlingIntegrationTests" name="KitchenGateway_WhenTimeout_ShouldReturnEmptyList" />
    </UnitTest>
    <UnitTest name="RestAll.Desktop.Tests.Integration.AuthenticationIntegrationTests.TokenRefreshFlow_AfterExpiredToken_ShouldHandleGracefully" storage="c:\users\2sebo\riderprojects\restall\desktop\tests\restall.desktop.tests\bin\debug\net10.0-windows7.0\restall.desktop.tests.dll" id="e8e33c22-e4e8-3fe7-9d46-cae1c7e98a60">
      <Execution id="5a69a956-346d-42eb-83a1-93af3031906c" />
      <TestMethod codeBase="C:\Users\2sebo\RiderProjects\RestAll\desktop\tests\RestAll.Desktop.Tests\bin\Debug\net10.0-windows7.0\RestAll.Desktop.Tests.dll" adapterTypeName="executor://xunit/VsTestRunner2/netcoreapp" className="RestAll.Desktop.Tests.Integration.AuthenticationIntegrationTests" name="TokenRefreshFlow_AfterExpiredToken_ShouldHandleGracefully" />
    </UnitTest>
    <UnitTest name="RestAll.Desktop.Tests.Integration.ErrorHandlingIntegrationTests.TablesGateway_WhenNetworkError_ShouldReturnEmptyList" storage="c:\users\2sebo\riderprojects\restall\desktop\tests\restall.desktop.tests\bin\debug\net10.0-windows7.0\restall.desktop.tests.dll" id="aafee567-7b53-70d1-fab9-cc6331946c31">
      <Execution id="ae32eff9-75a9-4643-9331-fc17a5f581b6" />
      <TestMethod codeBase="C:\Users\2sebo\RiderProjects\RestAll\desktop\tests\RestAll.Desktop.Tests\bin\Debug\net10.0-windows7.0\RestAll.Desktop.Tests.dll" adapterTypeName="executor://xunit/VsTestRunner2/netcoreapp" className="RestAll.Desktop.Tests.Integration.ErrorHandlingIntegrationTests" name="TablesGateway_WhenNetworkError_ShouldReturnEmptyList" />
    </UnitTest>
    <UnitTest name="RestAll.Desktop.Tests.Integration.ErrorHandlingIntegrationTests.MenuGateway_WhenServerError_ShouldReturnEmptyList" storage="c:\users\2sebo\riderprojects\restall\desktop\tests\restall.desktop.tests\bin\debug\net10.0-windows7.0\restall.desktop.tests.dll" id="07fab1b9-7c1e-6ca8-5c0e-ad909ee83787">
      <Execution id="4e4049d5-a794-4e38-b843-ba4bdf404bba" />
      <TestMethod codeBase="C:\Users\2sebo\RiderProjects\RestAll\desktop\tests\RestAll.Desktop.Tests\bin\Debug\net10.0-windows7.0\RestAll.Desktop.Tests.dll" adapterTypeName="executor://xunit/VsTestRunner2/netcoreapp" className="RestAll.Desktop.Tests.Integration.ErrorHandlingIntegrationTests" name="MenuGateway_WhenServerError_ShouldReturnEmptyList" />
    </UnitTest>
    <UnitTest name="RestAll.Desktop.Tests.Integration.ErrorHandlingIntegrationTests.AuthGateway_WhenUnauthorized_ShouldReturnAnonymous" storage="c:\users\2sebo\riderprojects\restall\desktop\tests\restall.desktop.tests\bin\debug\net10.0-windows7.0\restall.desktop.tests.dll" id="e216c37e-f9d3-53f5-4021-ae4d1f426d48">
      <Execution id="f3513cc4-f654-45e9-af4c-4937499d2516" />
      <TestMethod codeBase="C:\Users\2sebo\RiderProjects\RestAll\desktop\tests\RestAll.Desktop.Tests\bin\Debug\net10.0-windows7.0\RestAll.Desktop.Tests.dll" adapterTypeName="executor://xunit/VsTestRunner2/netcoreapp" className="RestAll.Desktop.Tests.Integration.ErrorHandlingIntegrationTests" name="AuthGateway_WhenUnauthorized_ShouldReturnAnonymous" />
    </UnitTest>
    <UnitTest name="RestAll.Desktop.Tests.Integration.ErrorHandlingIntegrationTests.ProfileGateway_WhenUnauthorized_ShouldReturnNull" storage="c:\users\2sebo\riderprojects\restall\desktop\tests\restall.desktop.tests\bin\debug\net10.0-windows7.0\restall.desktop.tests.dll" id="b709e49e-f3ca-7f99-b687-7c6aa84a4ee5">
      <Execution id="7ff64e60-fab1-4a15-838b-ca73f3e3131a" />
      <TestMethod codeBase="C:\Users\2sebo\RiderProjects\RestAll\desktop\tests\RestAll.Desktop.Tests\bin\Debug\net10.0-windows7.0\RestAll.Desktop.Tests.dll" adapterTypeName="executor://xunit/VsTestRunner2/netcoreapp" className="RestAll.Desktop.Tests.Integration.ErrorHandlingIntegrationTests" name="ProfileGateway_WhenUnauthorized_ShouldReturnNull" />
    </UnitTest>
    <UnitTest name="RestAll.Desktop.Tests.Integration.ErrorHandlingIntegrationTests.AuthGateway_WhenServerError_ShouldReturnAnonymous" storage="c:\users\2sebo\riderprojects\restall\desktop\tests\restall.desktop.tests\bin\debug\net10.0-windows7.0\restall.desktop.tests.dll" id="b0ace656-1703-3f5c-96b6-0bc4cc499e70">
      <Execution id="7a19c467-d717-400f-b09d-73baaff7cedd" />
      <TestMethod codeBase="C:\Users\2sebo\RiderProjects\RestAll\desktop\tests\RestAll.Desktop.Tests\bin\Debug\net10.0-windows7.0\RestAll.Desktop.Tests.dll" adapterTypeName="executor://xunit/VsTestRunner2/netcoreapp" className="RestAll.Desktop.Tests.Integration.ErrorHandlingIntegrationTests" name="AuthGateway_WhenServerError_ShouldReturnAnonymous" />
    </UnitTest>
    <UnitTest name="RestAll.Desktop.Tests.Integration.ErrorHandlingIntegrationTests.UseCase_WhenGatewayReturnsNull_ShouldHandleGracefully" storage="c:\users\2sebo\riderprojects\restall\desktop\tests\restall.desktop.tests\bin\debug\net10.0-windows7.0\restall.desktop.tests.dll" id="091a6460-671a-f495-eb0e-99f6794ce70d">
      <Execution id="6c40af13-3ca6-49be-9229-f2dedfbb3551" />
      <TestMethod codeBase="C:\Users\2sebo\RiderProjects\RestAll\desktop\tests\RestAll.Desktop.Tests\bin\Debug\net10.0-windows7.0\RestAll.Desktop.Tests.dll" adapterTypeName="executor://xunit/VsTestRunner2/netcoreapp" className="RestAll.Desktop.Tests.Integration.ErrorHandlingIntegrationTests" name="UseCase_WhenGatewayReturnsNull_ShouldHandleGracefully" />
    </UnitTest>
    <UnitTest name="RestAll.Desktop.Tests.Integration.ProfileIntegrationTests.ProfileFlow_WithoutSession_ShouldFail" storage="c:\users\2sebo\riderprojects\restall\desktop\tests\restall.desktop.tests\bin\debug\net10.0-windows7.0\restall.desktop.tests.dll" id="05c5b2d7-b3c9-2b3b-67f8-26be975b1bfd">
      <Execution id="6a2adf9c-1c86-4bdc-bfa9-7650c37492e7" />
      <TestMethod codeBase="C:\Users\2sebo\RiderProjects\RestAll\desktop\tests\RestAll.Desktop.Tests\bin\Debug\net10.0-windows7.0\RestAll.Desktop.Tests.dll" adapterTypeName="executor://xunit/VsTestRunner2/netcoreapp" className="RestAll.Desktop.Tests.Integration.ProfileIntegrationTests" name="ProfileFlow_WithoutSession_ShouldFail" />
    </UnitTest>
    <UnitTest name="RestAll.Desktop.Tests.Integration.OrdersIntegrationTests.OrderFlow_WithMultipleItems_ShouldWork" storage="c:\users\2sebo\riderprojects\restall\desktop\tests\restall.desktop.tests\bin\debug\net10.0-windows7.0\restall.desktop.tests.dll" id="fab9048e-fe4e-87e9-8830-11ebd034dcc1">
      <Execution id="97b47909-6c91-42da-9f9a-25c8be2f7301" />
      <TestMethod codeBase="C:\Users\2sebo\RiderProjects\RestAll\desktop\tests\RestAll.Desktop.Tests\bin\Debug\net10.0-windows7.0\RestAll.Desktop.Tests.dll" adapterTypeName="executor://xunit/VsTestRunner2/netcoreapp" className="RestAll.Desktop.Tests.Integration.OrdersIntegrationTests" name="OrderFlow_WithMultipleItems_ShouldWork" />
    </UnitTest>
    <UnitTest name="RestAll.Desktop.Tests.Integration.ErrorHandlingIntegrationTests.OrdersGateway_WhenUnauthorized_ShouldReturnEmptyList" storage="c:\users\2sebo\riderprojects\restall\desktop\tests\restall.desktop.tests\bin\debug\net10.0-windows7.0\restall.desktop.tests.dll" id="734663be-8eaf-f06f-9fca-2d4cc329b918">
      <Execution id="df32dd00-6938-43eb-acba-b20140bacf13" />
      <TestMethod codeBase="C:\Users\2sebo\RiderProjects\RestAll\desktop\tests\RestAll.Desktop.Tests\bin\Debug\net10.0-windows7.0\RestAll.Desktop.Tests.dll" adapterTypeName="executor://xunit/VsTestRunner2/netcoreapp" className="RestAll.Desktop.Tests.Integration.ErrorHandlingIntegrationTests" name="OrdersGateway_WhenUnauthorized_ShouldReturnEmptyList" />
    </UnitTest>
    <UnitTest name="RestAll.Desktop.Tests.Integration.ErrorHandlingIntegrationTests.AuthGateway_WhenNetworkError_ShouldReturnAnonymous" storage="c:\users\2sebo\riderprojects\restall\desktop\tests\restall.desktop.tests\bin\debug\net10.0-windows7.0\restall.desktop.tests.dll" id="8906522d-a706-7896-1575-13c0a5f049e1">
      <Execution id="63be40dd-ad67-4b83-82f5-e3545708026b" />
      <TestMethod codeBase="C:\Users\2sebo\RiderProjects\RestAll\desktop\tests\RestAll.Desktop.Tests\bin\Debug\net10.0-windows7.0\RestAll.Desktop.Tests.dll" adapterTypeName="executor://xunit/VsTestRunner2/netcoreapp" className="RestAll.Desktop.Tests.Integration.ErrorHandlingIntegrationTests" name="AuthGateway_WhenNetworkError_ShouldReturnAnonymous" />
    </UnitTest>
    <UnitTest name="RestAll.Desktop.Tests.Integration.OrdersIntegrationTests.OrderFlow_WithComments_ShouldWork" storage="c:\users\2sebo\riderprojects\restall\desktop\tests\restall.desktop.tests\bin\debug\net10.0-windows7.0\restall.desktop.tests.dll" id="440c1f56-2774-9818-b3d3-5a7ea53bce27">
      <Execution id="4f560567-b5bc-469b-b7ea-0ebbb4f45416" />
      <TestMethod codeBase="C:\Users\2sebo\RiderProjects\RestAll\desktop\tests\RestAll.Desktop.Tests\bin\Debug\net10.0-windows7.0\RestAll.Desktop.Tests.dll" adapterTypeName="executor://xunit/VsTestRunner2/netcoreapp" className="RestAll.Desktop.Tests.Integration.OrdersIntegrationTests" name="OrderFlow_WithComments_ShouldWork" />
    </UnitTest>
    <UnitTest name="RestAll.Desktop.Tests.Integration.OrdersIntegrationTests.OrderFlow_WithPayment_ShouldWork" storage="c:\users\2sebo\riderprojects\restall\desktop\tests\restall.desktop.tests\bin\debug\net10.0-windows7.0\restall.desktop.tests.dll" id="4356007c-ba10-69fb-f83d-3d5cd85e4bff">
      <Execution id="2fac584a-6d22-484f-9646-42fbff217e42" />
      <TestMethod codeBase="C:\Users\2sebo\RiderProjects\RestAll\desktop\tests\RestAll.Desktop.Tests\bin\Debug\net10.0-windows7.0\RestAll.Desktop.Tests.dll" adapterTypeName="executor://xunit/VsTestRunner2/netcoreapp" className="RestAll.Desktop.Tests.Integration.OrdersIntegrationTests" name="OrderFlow_WithPayment_ShouldWork" />
    </UnitTest>
    <UnitTest name="RestAll.Desktop.Tests.Integration.ProfileIntegrationTests.ProfileFlow_ShouldUpdateProfileData" storage="c:\users\2sebo\riderprojects\restall\desktop\tests\restall.desktop.tests\bin\debug\net10.0-windows7.0\restall.desktop.tests.dll" id="223b41c5-dd1a-58a9-73e4-47e3fa220999">
      <Execution id="5e6c4553-ef8e-4b8b-b332-217a97579596" />
      <TestMethod codeBase="C:\Users\2sebo\RiderProjects\RestAll\desktop\tests\RestAll.Desktop.Tests\bin\Debug\net10.0-windows7.0\RestAll.Desktop.Tests.dll" adapterTypeName="executor://xunit/VsTestRunner2/netcoreapp" className="RestAll.Desktop.Tests.Integration.ProfileIntegrationTests" name="ProfileFlow_ShouldUpdateProfileData" />
    </UnitTest>
    <UnitTest name="RestAll.Desktop.Tests.Integration.ProfileIntegrationTests.FullProfileFlow_ShouldWork" storage="c:\users\2sebo\riderprojects\restall\desktop\tests\restall.desktop.tests\bin\debug\net10.0-windows7.0\restall.desktop.tests.dll" id="a3156326-7054-e864-481e-836ce372d591">
      <Execution id="582f420b-c8e3-4c1d-b9c6-39aa4fbdf324" />
      <TestMethod codeBase="C:\Users\2sebo\RiderProjects\RestAll\desktop\tests\RestAll.Desktop.Tests\bin\Debug\net10.0-windows7.0\RestAll.Desktop.Tests.dll" adapterTypeName="executor://xunit/VsTestRunner2/netcoreapp" className="RestAll.Desktop.Tests.Integration.ProfileIntegrationTests" name="FullProfileFlow_ShouldWork" />
    </UnitTest>
    <UnitTest name="RestAll.Desktop.Tests.Integration.ReservationsIntegrationTests.GetReservationsAfterCancellation_ShouldReturnUpdatedList" storage="c:\users\2sebo\riderprojects\restall\desktop\tests\restall.desktop.tests\bin\debug\net10.0-windows7.0\restall.desktop.tests.dll" id="8ff5fcd4-ac8f-728c-c9ea-9aaa892885a1">
      <Execution id="c81f7460-94d5-4cd2-b39a-b32d02d617f8" />
      <TestMethod codeBase="C:\Users\2sebo\RiderProjects\RestAll\desktop\tests\RestAll.Desktop.Tests\bin\Debug\net10.0-windows7.0\RestAll.Desktop.Tests.dll" adapterTypeName="executor://xunit/VsTestRunner2/netcoreapp" className="RestAll.Desktop.Tests.Integration.ReservationsIntegrationTests" name="GetReservationsAfterCancellation_ShouldReturnUpdatedList" />
    </UnitTest>
  </TestDefinitions>
  <TestEntries>
    <TestEntry testId="e216c37e-f9d3-53f5-4021-ae4d1f426d48" executionId="f3513cc4-f654-45e9-af4c-4937499d2516" testListId="8c84fa94-04c1-424b-9868-57a2d4851a1d" />
    <TestEntry testId="4356007c-ba10-69fb-f83d-3d5cd85e4bff" executionId="2fac584a-6d22-484f-9646-42fbff217e42" testListId="8c84fa94-04c1-424b-9868-57a2d4851a1d" />
    <TestEntry testId="aafee567-7b53-70d1-fab9-cc6331946c31" executionId="ae32eff9-75a9-4643-9331-fc17a5f581b6" testListId="8c84fa94-04c1-424b-9868-57a2d4851a1d" />
    <TestEntry testId="e8e33c22-e4e8-3fe7-9d46-cae1c7e98a60" executionId="5a69a956-346d-42eb-83a1-93af3031906c" testListId="8c84fa94-04c1-424b-9868-57a2d4851a1d" />
    <TestEntry testId="8ff5fcd4-ac8f-728c-c9ea-9aaa892885a1" executionId="c81f7460-94d5-4cd2-b39a-b32d02d617f8" testListId="8c84fa94-04c1-424b-9868-57a2d4851a1d" />
    <TestEntry testId="07fab1b9-7c1e-6ca8-5c0e-ad909ee83787" executionId="4e4049d5-a794-4e38-b843-ba4bdf404bba" testListId="8c84fa94-04c1-424b-9868-57a2d4851a1d" />
    <TestEntry testId="223b41c5-dd1a-58a9-73e4-47e3fa220999" executionId="5e6c4553-ef8e-4b8b-b332-217a97579596" testListId="8c84fa94-04c1-424b-9868-57a2d4851a1d" />
    <TestEntry testId="fe89ab32-e15c-7f60-1b46-9174dd7f44d2" executionId="66a47c92-467a-444a-8a22-09e9ceb85b20" testListId="8c84fa94-04c1-424b-9868-57a2d4851a1d" />
    <TestEntry testId="2022cbe0-595c-fc5e-fb38-59a531641782" executionId="b216c216-0afb-4358-92de-e61ad3d1c354" testListId="8c84fa94-04c1-424b-9868-57a2d4851a1d" />
    <TestEntry testId="8906522d-a706-7896-1575-13c0a5f049e1" executionId="63be40dd-ad67-4b83-82f5-e3545708026b" testListId="8c84fa94-04c1-424b-9868-57a2d4851a1d" />
    <TestEntry testId="301b48b5-6f45-b8b4-947d-d7b673c0c250" executionId="aff62f3a-dbc1-4f6f-ba09-57174277e031" testListId="8c84fa94-04c1-424b-9868-57a2d4851a1d" />
    <TestEntry testId="a65a3a15-46d3-df5f-3811-18740f7a06b1" executionId="fb78c9e1-51cd-433e-ad73-82edccd66219" testListId="8c84fa94-04c1-424b-9868-57a2d4851a1d" />
    <TestEntry testId="734663be-8eaf-f06f-9fca-2d4cc329b918" executionId="df32dd00-6938-43eb-acba-b20140bacf13" testListId="8c84fa94-04c1-424b-9868-57a2d4851a1d" />
    <TestEntry testId="440c1f56-2774-9818-b3d3-5a7ea53bce27" executionId="4f560567-b5bc-469b-b7ea-0ebbb4f45416" testListId="8c84fa94-04c1-424b-9868-57a2d4851a1d" />
    <TestEntry testId="b709e49e-f3ca-7f99-b687-7c6aa84a4ee5" executionId="7ff64e60-fab1-4a15-838b-ca73f3e3131a" testListId="8c84fa94-04c1-424b-9868-57a2d4851a1d" />
    <TestEntry testId="a3156326-7054-e864-481e-836ce372d591" executionId="582f420b-c8e3-4c1d-b9c6-39aa4fbdf324" testListId="8c84fa94-04c1-424b-9868-57a2d4851a1d" />
    <TestEntry testId="05c5b2d7-b3c9-2b3b-67f8-26be975b1bfd" executionId="6a2adf9c-1c86-4bdc-bfa9-7650c37492e7" testListId="8c84fa94-04c1-424b-9868-57a2d4851a1d" />
    <TestEntry testId="8ba2c262-ef18-583c-63d7-23cfca3106a3" executionId="fd334e15-2fb1-4b8c-9ee6-0f3471bba2a5" testListId="8c84fa94-04c1-424b-9868-57a2d4851a1d" />
    <TestEntry testId="fab9048e-fe4e-87e9-8830-11ebd034dcc1" executionId="97b47909-6c91-42da-9f9a-25c8be2f7301" testListId="8c84fa94-04c1-424b-9868-57a2d4851a1d" />
    <TestEntry testId="091a6460-671a-f495-eb0e-99f6794ce70d" executionId="6c40af13-3ca6-49be-9229-f2dedfbb3551" testListId="8c84fa94-04c1-424b-9868-57a2d4851a1d" />
    <TestEntry testId="0ed18110-f9ba-d989-4746-310e9dfe7dd1" executionId="bbed2983-f707-4eae-b7e9-c41a17583849" testListId="8c84fa94-04c1-424b-9868-57a2d4851a1d" />
    <TestEntry testId="b0ace656-1703-3f5c-96b6-0bc4cc499e70" executionId="7a19c467-d717-400f-b09d-73baaff7cedd" testListId="8c84fa94-04c1-424b-9868-57a2d4851a1d" />
  </TestEntries>
  <TestLists>
    <TestList name="Wyniki, których nie ma na liście" id="8c84fa94-04c1-424b-9868-57a2d4851a1d" />
    <TestList name="Wszystkie załadowane wyniki" id="19431567-8539-422a-85d7-44ee4e166bda" />
  </TestLists>
  <ResultSummary outcome="Completed">
    <Counters total="22" executed="22" passed="22" failed="0" error="0" timeout="0" aborted="0" inconclusive="0" passedButRunAborted="0" notRunnable="0" notExecuted="0" disconnected="0" warning="0" completed="0" inProgress="0" pending="0" />
    <Output>
      <StdOut>[xUnit.net 00:00:00.00] xUnit.net VSTest Adapter v2.8.2+699d445a1a (64-bit .NET 10.0.5)&#xD;
[xUnit.net 00:00:00.08]   Discovering: RestAll.Desktop.Tests&#xD;
[xUnit.net 00:00:00.13]   Discovered:  RestAll.Desktop.Tests&#xD;
[xUnit.net 00:00:00.13]   Starting:    RestAll.Desktop.Tests&#xD;
[xUnit.net 00:00:00.35]   Finished:    RestAll.Desktop.Tests&#xD;
</StdOut>
    </Output>
  </ResultSummary>
</TestRun>